src/hooks/useRecords.ts(15,38): error TS2345: Argument of type 'RecordParams' is not assignable to parameter of type 'Record<string, unknown>'.
  Index signature for type 'string' is missing in type 'RecordParams'.
src/hooks/useUsers.ts(9,36): error TS2345: Argument of type 'UserParams' is not assignable to parameter of type 'Record<string, unknown>'.
  Index signature for type 'string' is missing in type 'UserParams'.
